#-----------------------------------------------------------
# Vivado v2025.1 (64-bit)
# SW Build 6140274 on Wed May 21 22:58:25 MDT 2025
# IP Build 6138677 on Thu May 22 03:10:11 MDT 2025
# SharedData Build 6139179 on Tue May 20 17:58:58 MDT 2025
# Start of session at: Fri Jun 27 00:56:29 2025
# Process ID         : 38995
# Current directory  : /home/admin/Desktop/GPNAE/VIVADO/GPNAE/GPNAE.runs/synth_2
# Command line       : vivado -log gpnae.vds -product Vivado -mode batch -messageDb vivado.pb -notrace -source gpnae.tcl
# Log file           : /home/admin/Desktop/GPNAE/VIVADO/GPNAE/GPNAE.runs/synth_2/gpnae.vds
# Journal file       : /home/admin/Desktop/GPNAE/VIVADO/GPNAE/GPNAE.runs/synth_2/vivado.jou
# Running On         : archlinux
# Platform           : Arch
# Operating System   : Arch Linux
# Processor Detail   : AMD Ryzen 5 5600U with Radeon Graphics
# CPU Frequency      : 3791.623 MHz
# CPU Physical cores : 6
# CPU Logical cores  : 12
# Host memory        : 16068 MB
# Swap memory        : 4294 MB
# Total Virtual      : 20363 MB
# Available Virtual  : 12180 MB
#-----------------------------------------------------------
source gpnae.tcl -notrace
